Reference cross-checks (K>5): |JT r=80 - GL n=160|
  one-sided K=10 HSD         theta= 0.00  2.58e-11
  one-sided K=10 HSD         theta= 3.24  3.51e-10
  one-sided K=10 HSD         theta= 6.48  6.96e-10
  one-sided K=10 HSD         theta= 9.72  4.31e-10
  one-sided K=10 HSD         theta=-3.24  4.28e-14
  asym K=10 tt4              theta= 0.00  8.58e-11
  asym K=10 tt4              theta= 3.24  1.25e-10
  asym K=10 tt4              theta= 6.48  5.58e-10
  asym K=10 tt4              theta= 9.72  4.42e-10
  asym K=10 tt4              theta=-3.24  4.76e-10
  asym K=20 tt4              theta= 0.00  2.05e-10
  asym K=20 tt4              theta= 3.24  4.15e-10
  asym K=20 tt4              theta= 6.48  7.75e-10
  asym K=20 tt4              theta= 9.72  6.60e-10
  asym K=20 tt4              theta=-3.24  6.97e-10
  one-sided K=20 Pocock      theta= 0.00  1.50e-11
  one-sided K=20 Pocock      theta= 3.24  4.14e-10
  one-sided K=20 Pocock      theta= 6.48  6.30e-10
  one-sided K=20 Pocock      theta= 9.72  4.72e-10
  one-sided K=20 Pocock      theta=-3.24  4.25e-13
There were 50 or more warnings (use warnings() to see the first 50)
                    method mean_pts  max_err median_err
   JT-Simpson r=6 (69 pts)       27 2.91e-05   8.52e-06
  JT-Simpson r=9 (105 pts)       39 4.93e-06   1.65e-06
 JT-Simpson r=12 (141 pts)       51 1.49e-06   5.20e-07
 JT-Simpson r=18 (213 pts)       76 3.00e-07   1.04e-07
 JT-Simpson r=24 (285 pts)      101 9.43e-08   3.32e-08
 JT-Simpson r=36 (429 pts)      150 1.84e-08   6.50e-09
       Uniform-Weddle n=25       25 6.15e-03   6.52e-07
       Uniform-Weddle n=37       37 1.00e-04   9.90e-09
       Uniform-Weddle n=49       49 1.28e-05   7.42e-10
       Uniform-Weddle n=61       61 4.62e-06   2.80e-10
       Uniform-Weddle n=91       91 3.87e-07   3.36e-11
      Uniform-Weddle n=121      121 5.68e-08   1.23e-11
      Uniform-Weddle n=181      181 5.25e-10   9.82e-12
        Uniform-Boole n=25       25 1.86e-03   7.64e-07
        Uniform-Boole n=49       49 1.36e-05   9.56e-09
        Uniform-Boole n=91       89 2.56e-07   2.41e-10
       Uniform-Boole n=181      181 4.39e-09   2.52e-11
      Uniform-Simpson n=49       49 2.32e-05   2.21e-07
      Uniform-Simpson n=91       91 1.73e-06   1.79e-08
     Uniform-Simpson n=181      181 1.05e-07   1.18e-09
       Gauss-Legendre n=12       12 7.47e-03   1.09e-08
       Gauss-Legendre n=16       16 4.66e-04   3.00e-10
       Gauss-Legendre n=20       20 5.16e-05   4.96e-11
       Gauss-Legendre n=24       24 7.57e-06   2.38e-11
       Gauss-Legendre n=32       32 1.26e-07   9.77e-12
       Gauss-Legendre n=40       40 8.00e-10   8.76e-12
       Gauss-Legendre n=48       48 3.87e-10   7.62e-12
       Gauss-Legendre n=64       64 3.87e-10   7.77e-12
       Gauss-Legendre n=96       96 3.87e-10   7.77e-12
   GL adaptive n=8+3*W/sig       35 3.87e-10   7.77e-12
   GL adaptive n=8+4*W/sig       44 3.87e-10   7.77e-12
  GL adaptive n=12+4*W/sig       48 3.87e-10   7.77e-12
   GL adaptive n=8+6*W/sig       60 3.87e-10   7.77e-12
  GL adaptive n=12+6*W/sig       63 3.87e-10   7.77e-12
                             worst_case
         asym K=20 tt4 6.48303110016931
         asym K=20 tt4 6.48303110016931
         asym K=20 tt4 6.48303110016931
         asym K=20 tt4 6.48303110016931
         asym K=20 tt4 6.48303110016931
         asym K=20 tt4 6.48303110016931
 one-sided K=20 Pocock 3.24151555008465
 one-sided K=20 Pocock 3.24151555008465
 one-sided K=20 Pocock 3.24151555008465
 one-sided K=20 Pocock 3.24151555008465
                one-sided K=20 Pocock 0
                one-sided K=20 Pocock 0
                one-sided K=20 Pocock 0
 one-sided K=20 Pocock 3.24151555008465
 one-sided K=20 Pocock 3.24151555008465
 one-sided K=20 Pocock 3.24151555008465
                one-sided K=20 Pocock 0
 one-sided K=20 Pocock 3.24151555008465
 one-sided K=20 Pocock 3.24151555008465
 one-sided K=20 Pocock 3.24151555008465
 one-sided K=20 Pocock 3.24151555008465
 one-sided K=20 Pocock 3.24151555008465
 one-sided K=20 Pocock 3.24151555008465
 one-sided K=20 Pocock 3.24151555008465
                one-sided K=20 Pocock 0
                one-sided K=20 Pocock 0
         asym K=20 tt4 6.48303110016931
         asym K=20 tt4 6.48303110016931
         asym K=20 tt4 6.48303110016931
         asym K=20 tt4 6.48303110016931
         asym K=20 tt4 6.48303110016931
         asym K=20 tt4 6.48303110016931
         asym K=20 tt4 6.48303110016931
         asym K=20 tt4 6.48303110016931

Per-design errors for selected methods:
                                           JT18    Wed91   GL24    GL32   
OF one-sided K=3 0                         7.9e-09 1.5e-10 9.6e-11 1.5e-15
OF one-sided K=3 3.24151555008465          7.5e-08 4.3e-10 3.1e-11 2.2e-12
OF one-sided K=3 6.48303110016931          1.1e-07 2.3e-11 6.4e-12 6.4e-12
OF one-sided K=3 9.72454665025396          1.1e-07 3.0e-12 3.0e-12 3.0e-12
OF one-sided K=3 -3.24151555008465         3.7e-12 2.4e-12 2.4e-12 2.4e-12
Pocock one-sided K=5 0                     1.1e-09 3.9e-09 2.2e-10 1.9e-13
Pocock one-sided K=5 3.24151555008465      7.6e-08 9.7e-10 2.4e-11 8.3e-13
Pocock one-sided K=5 6.48303110016931      1.2e-07 3.7e-11 6.5e-12 6.5e-12
Pocock one-sided K=5 9.72454665025396      1.2e-07 1.1e-11 1.1e-11 1.1e-11
Pocock one-sided K=5 -3.24151555008465     2.3e-11 2.3e-11 2.3e-11 2.3e-11
asym K=3 tt3 0                             1.5e-08 7.7e-14 4.2e-15 4.2e-15
asym K=3 tt3 3.24151555008465              1.1e-08 2.6e-12 2.6e-12 2.6e-12
asym K=3 tt3 6.48303110016931              8.7e-08 1.4e-12 1.4e-12 1.4e-12
asym K=3 tt3 9.72454665025396              1.1e-07 2.7e-12 2.7e-12 2.7e-12
asym K=3 tt3 -3.24151555008465             1.1e-07 8.9e-14 8.9e-14 8.9e-14
asym K=5 tt4 0                             1.5e-08 2.7e-11 2.7e-11 2.7e-11
asym K=5 tt4 3.24151555008465              2.7e-08 1.3e-11 1.3e-11 1.3e-11
asym K=5 tt4 6.48303110016931              1.5e-07 3.4e-11 3.4e-11 3.4e-11
asym K=5 tt4 9.72454665025396              1.1e-07 7.1e-12 7.2e-12 7.2e-12
asym K=5 tt4 -3.24151555008465             1.1e-07 1.1e-11 1.1e-11 1.1e-11
sym K=4 OF 0                               7.6e-09 6.3e-12 8.1e-12 8.1e-12
sym K=4 OF 3.24151555008465                8.2e-08 3.4e-11 2.4e-12 2.4e-12
sym K=4 OF 6.48303110016931                1.5e-07 5.5e-11 1.8e-11 1.8e-11
sym K=4 OF 9.72454665025396                1.0e-07 1.7e-11 1.0e-11 1.0e-11
sym K=4 OF -3.24151555008465               8.2e-08 3.5e-11 3.9e-11 3.9e-11
unequal K=4 tt4 0                          1.5e-08 4.2e-13 5.7e-15 5.7e-15
unequal K=4 tt4 3.24151555008465           2.0e-08 3.4e-12 3.4e-12 3.4e-12
unequal K=4 tt4 6.48303110016931           1.0e-07 7.0e-12 7.0e-12 7.0e-12
unequal K=4 tt4 9.72454665025396           1.1e-07 1.9e-12 1.8e-12 1.8e-12
unequal K=4 tt4 -3.24151555008465          1.0e-07 1.6e-12 1.6e-12 1.6e-12
close final K=3 (.5,.98) 0                 1.0e-08 7.7e-15 7.8e-15 7.8e-15
close final K=3 (.5,.98) 3.24151555008465  3.0e-09 6.6e-15 6.4e-15 6.4e-15
close final K=3 (.5,.98) 6.48303110016931  1.0e-07 7.5e-16 1.5e-16 1.4e-16
close final K=3 (.5,.98) 9.72454665025396  6.1e-09 4.8e-17 7.2e-17 7.2e-17
close final K=3 (.5,.98) -3.24151555008465 1.1e-07 6.4e-13 6.4e-13 6.4e-13
skip eff IA1/fut IA2 K=4 0                 8.1e-08 4.0e-10 1.5e-08 5.0e-12
skip eff IA1/fut IA2 K=4 3.24151555008465  1.1e-07 1.3e-09 3.2e-10 9.5e-12
skip eff IA1/fut IA2 K=4 6.48303110016931  2.0e-07 5.5e-11 3.6e-10 1.7e-11
skip eff IA1/fut IA2 K=4 9.72454665025396  2.3e-07 8.6e-12 5.2e-10 1.0e-11
skip eff IA1/fut IA2 K=4 -3.24151555008465 1.9e-07 5.3e-10 5.3e-08 2.1e-11
one-sided K=10 HSD 0                       9.2e-09 8.1e-08 1.5e-07 1.2e-09
one-sided K=10 HSD 3.24151555008465        1.3e-07 2.8e-08 7.7e-08 1.5e-10
one-sided K=10 HSD 6.48303110016931        2.7e-07 1.1e-09 3.4e-10 3.5e-10
one-sided K=10 HSD 9.72454665025396        1.7e-07 3.1e-10 2.2e-10 2.2e-10
one-sided K=10 HSD -3.24151555008465       2.2e-11 4.8e-12 8.2e-12 9.5e-14
asym K=10 tt4 0                            2.6e-08 4.5e-11 4.3e-11 4.3e-11
asym K=10 tt4 3.24151555008465             5.2e-08 6.2e-11 6.3e-11 6.3e-11
asym K=10 tt4 6.48303110016931             2.2e-07 2.8e-10 2.8e-10 2.8e-10
asym K=10 tt4 9.72454665025396             1.7e-07 2.2e-10 2.2e-10 2.2e-10
asym K=10 tt4 -3.24151555008465            1.9e-07 2.4e-10 2.4e-10 2.4e-10
asym K=20 tt4 0                            8.9e-08 1.1e-10 1.0e-10 1.0e-10
asym K=20 tt4 3.24151555008465             1.9e-07 2.1e-10 2.1e-10 2.1e-10
asym K=20 tt4 6.48303110016931             3.0e-07 3.9e-10 3.9e-10 3.9e-10
asym K=20 tt4 9.72454665025396             2.6e-07 3.3e-10 3.3e-10 3.3e-10
asym K=20 tt4 -3.24151555008465            2.7e-07 3.5e-10 3.5e-10 3.5e-10
one-sided K=20 Pocock 0                    5.3e-09 3.9e-07 4.5e-06 1.3e-07
one-sided K=20 Pocock 3.24151555008465     1.8e-07 2.3e-07 7.6e-06 4.6e-08
one-sided K=20 Pocock 6.48303110016931     2.5e-07 2.5e-09 3.4e-10 3.2e-10
one-sided K=20 Pocock 9.72454665025396     1.8e-07 4.0e-10 2.4e-10 2.4e-10
one-sided K=20 Pocock -3.24151555008465    1.5e-10 1.6e-11 1.1e-11 2.1e-13
                                           GL48    Ad8+4   Ad12+6 
OF one-sided K=3 0                         6.1e-15 6.0e-15 6.0e-15
OF one-sided K=3 3.24151555008465          2.2e-12 2.2e-12 2.2e-12
OF one-sided K=3 6.48303110016931          6.4e-12 6.4e-12 6.4e-12
OF one-sided K=3 9.72454665025396          3.0e-12 3.0e-12 3.0e-12
OF one-sided K=3 -3.24151555008465         2.4e-12 2.4e-12 2.4e-12
Pocock one-sided K=5 0                     1.9e-14 1.9e-14 1.9e-14
Pocock one-sided K=5 3.24151555008465      8.3e-13 8.3e-13 8.3e-13
Pocock one-sided K=5 6.48303110016931      6.5e-12 6.5e-12 6.5e-12
Pocock one-sided K=5 9.72454665025396      1.1e-11 1.1e-11 1.1e-11
Pocock one-sided K=5 -3.24151555008465     2.3e-11 2.3e-11 2.3e-11
asym K=3 tt3 0                             4.2e-15 4.1e-15 4.2e-15
asym K=3 tt3 3.24151555008465              2.6e-12 2.6e-12 2.6e-12
asym K=3 tt3 6.48303110016931              1.4e-12 1.4e-12 1.4e-12
asym K=3 tt3 9.72454665025396              2.7e-12 2.7e-12 2.7e-12
asym K=3 tt3 -3.24151555008465             8.9e-14 8.9e-14 8.9e-14
asym K=5 tt4 0                             2.7e-11 2.7e-11 2.7e-11
asym K=5 tt4 3.24151555008465              1.3e-11 1.3e-11 1.3e-11
asym K=5 tt4 6.48303110016931              3.4e-11 3.4e-11 3.4e-11
asym K=5 tt4 9.72454665025396              7.2e-12 7.2e-12 7.2e-12
asym K=5 tt4 -3.24151555008465             1.1e-11 1.1e-11 1.1e-11
sym K=4 OF 0                               8.1e-12 8.1e-12 8.1e-12
sym K=4 OF 3.24151555008465                2.4e-12 2.4e-12 2.4e-12
sym K=4 OF 6.48303110016931                1.8e-11 1.8e-11 1.8e-11
sym K=4 OF 9.72454665025396                1.0e-11 1.0e-11 1.0e-11
sym K=4 OF -3.24151555008465               3.9e-11 3.9e-11 3.9e-11
unequal K=4 tt4 0                          5.7e-15 5.6e-15 5.7e-15
unequal K=4 tt4 3.24151555008465           3.4e-12 3.4e-12 3.4e-12
unequal K=4 tt4 6.48303110016931           7.0e-12 7.0e-12 7.0e-12
unequal K=4 tt4 9.72454665025396           1.8e-12 1.8e-12 1.8e-12
unequal K=4 tt4 -3.24151555008465          1.6e-12 1.6e-12 1.6e-12
close final K=3 (.5,.98) 0                 7.8e-15 7.8e-15 7.8e-15
close final K=3 (.5,.98) 3.24151555008465  6.4e-15 6.4e-15 6.4e-15
close final K=3 (.5,.98) 6.48303110016931  1.7e-16 1.5e-16 1.7e-16
close final K=3 (.5,.98) 9.72454665025396  7.2e-17 7.2e-17 7.2e-17
close final K=3 (.5,.98) -3.24151555008465 6.4e-13 6.4e-13 6.4e-13
skip eff IA1/fut IA2 K=4 0                 5.0e-12 5.0e-12 5.0e-12
skip eff IA1/fut IA2 K=4 3.24151555008465  9.5e-12 9.5e-12 9.5e-12
skip eff IA1/fut IA2 K=4 6.48303110016931  1.7e-11 1.7e-11 1.7e-11
skip eff IA1/fut IA2 K=4 9.72454665025396  1.0e-11 1.0e-11 1.0e-11
skip eff IA1/fut IA2 K=4 -3.24151555008465 3.5e-12 3.5e-12 3.5e-12
one-sided K=10 HSD 0                       1.3e-11 1.3e-11 1.3e-11
one-sided K=10 HSD 3.24151555008465        1.8e-10 1.8e-10 1.8e-10
one-sided K=10 HSD 6.48303110016931        3.5e-10 3.5e-10 3.5e-10
one-sided K=10 HSD 9.72454665025396        2.2e-10 2.2e-10 2.2e-10
one-sided K=10 HSD -3.24151555008465       2.1e-14 2.1e-14 2.1e-14
asym K=10 tt4 0                            4.3e-11 4.3e-11 4.3e-11
asym K=10 tt4 3.24151555008465             6.3e-11 6.3e-11 6.3e-11
asym K=10 tt4 6.48303110016931             2.8e-10 2.8e-10 2.8e-10
asym K=10 tt4 9.72454665025396             2.2e-10 2.2e-10 2.2e-10
asym K=10 tt4 -3.24151555008465            2.4e-10 2.4e-10 2.4e-10
asym K=20 tt4 0                            1.0e-10 1.0e-10 1.0e-10
asym K=20 tt4 3.24151555008465             2.1e-10 2.1e-10 2.1e-10
asym K=20 tt4 6.48303110016931             3.9e-10 3.9e-10 3.9e-10
asym K=20 tt4 9.72454665025396             3.3e-10 3.3e-10 3.3e-10
asym K=20 tt4 -3.24151555008465            3.5e-10 3.5e-10 3.5e-10
one-sided K=20 Pocock 0                    6.9e-12 7.5e-12 7.5e-12
one-sided K=20 Pocock 3.24151555008465     2.1e-10 2.1e-10 2.1e-10
one-sided K=20 Pocock 6.48303110016931     3.2e-10 3.2e-10 3.2e-10
one-sided K=20 Pocock 9.72454665025396     2.4e-10 2.4e-10 2.4e-10
one-sided K=20 Pocock -3.24151555008465    2.1e-13 2.1e-13 2.1e-13
DONE
