Reference floor: pairwise max |diff| over theta in {0, d, 2d, 5d, -d}
design                            GL200-GL160  GL200-JT160 GL200-Wed721 n_adapt(8+3)
one-sided K=10 HSD                   1.72e-15     4.35e-11     3.02e-15        1-133
asym K=20 tt4                        1.22e-15     4.85e-11     1.62e-15         1-37
one-sided K=20 Pocock                1.67e-15     3.93e-11     1.34e-14        1-199
K=50 constant bounds                 4.04e-14     4.71e-10     5.28e-14         1-97
K=3 (.5,.995,1) dI/I=.005            4.44e-16     1.73e-10     4.44e-16         1-26
K=4 (.1,.2,.99,1)                    2.44e-15     3.29e-11     2.44e-15         1-24
no-stop IA2 (a=-Inf,b=Inf) K=4       8.88e-16     3.15e-11     2.00e-15         1-81
asym K=5 tt4                         6.11e-16     2.43e-11     9.99e-16         1-21
narrow-then-wide (1,1.01,3)          1.43e-05     1.14e-07     1.15e-07       52-200
narrow-then-wide K=4 (.3,.303,.6,1)     8.33e-16     1.93e-10     4.16e-16        1-112

Errors vs GL200 reference:
design                                 JT r=18       JT r=36       JT r=80   Weddle n=91  Weddle n=181       GL n=32       GL n=48       GL n=64   GLad 8+3W/s GLad 6+2.5W/s   GLad 8+2W/s  GLad 10+4W/s
one-sided K=10 HSD                2.7e-07(117)  1.7e-08(234)  7.0e-10(519)  8.1e-08( 81)  3.2e-10(161)  1.2e-09( 29)  2.8e-16( 43)  1.9e-15( 57)  2.7e-15( 61)  1.7e-15( 50)  4.0e-15( 43)  2.5e-15( 80)
asym K=20 tt4                     3.0e-07( 49)  1.9e-08( 95)  7.7e-10(208)  2.5e-11( 81)  8.5e-14(160)  9.9e-16( 28)  1.4e-15( 43)  2.2e-15( 57)  2.0e-15( 26)  1.8e-15( 21)  2.0e-15( 20)  1.4e-15( 34)
one-sided K=20 Pocock             2.5e-07(111)  1.5e-08(221)  6.3e-10(491)  3.9e-07( 80)  5.3e-10(158)  1.3e-07( 28)  8.0e-13( 42)  1.4e-15( 56)  9.2e-16( 79)  1.4e-15( 66)  9.9e-16( 55)  1.7e-15(102)
K=50 constant bounds              2.0e-06( 67)  1.2e-07(133)  7.3e-09(292)  5.2e-07( 83)  6.3e-10(164)  9.1e-05( 29)  2.8e-10( 44)  7.7e-14( 58)  4.6e-14( 58)  4.1e-14( 48)  4.5e-14( 41)  4.8e-14( 77)
K=3 (.5,.995,1) dI/I=.005         1.0e-06( 22)  5.7e-08( 41)  2.7e-09( 87)  3.4e-15( 73)  5.6e-16(145)  3.3e-16( 26)  6.7e-16( 39)  6.7e-16( 51)  7.8e-16( 17)  6.7e-16( 13)  4.4e-16( 13)  5.6e-16( 22)
K=4 (.1,.2,.99,1)                 5.4e-07( 64)  2.6e-08(124)  5.3e-10(272)  4.6e-12( 85)  1.7e-14(169)  2.3e-15( 30)  3.2e-15( 45)  5.2e-15( 60)  2.0e-15( 21)  3.1e-15( 17)  3.6e-15( 16)  3.3e-15( 27)
no-stop IA2 (a=-Inf,b=Inf) K=4    2.0e-07(100)  1.2e-08(199)  5.0e-10(440)  1.0e-06( 85)  3.3e-13(169)  3.6e-06( 30)  1.7e-10( 45)  7.2e-15( 60)  6.4e-15( 38)  3.8e-15( 31)  3.5e-13( 28)  1.4e-15( 49)
asym K=5 tt4                      1.5e-07( 43)  9.3e-09( 83)  3.9e-10(181)  8.3e-13( 82)  2.6e-15(163)  6.9e-16( 29)  9.4e-16( 43)  1.4e-15( 58)  1.6e-15( 17)  1.1e-15( 14)  1.1e-15( 14)  6.7e-16( 22)
narrow-then-wide (1,1.01,3)       9.7e-06(127)  1.3e-07(253)  1.1e-07(564)  3.3e-03( 91)  2.7e-04(181)  4.1e-02( 32)  2.5e-02( 48)  1.1e-02( 64)  6.7e-16(136)  3.9e-16(130)  5.6e-16(125)  3.9e-16(148)
narrow-then-wide K=4 (.3,.303,.6,1)  9.4e-06( 38)  8.6e-08( 72)  3.2e-09(156)  5.7e-07( 85)  8.4e-12(169)  4.9e-06( 30)  4.5e-10( 45)  1.6e-15( 60)  1.2e-15( 60)  1.2e-15( 49)  1.0e-15( 43)  1.2e-15( 79)
DONE
